This is pdfTeX, Version 3.141592653-2.6-1.40.27 (TeX Live 2025) (preloaded format=pdflatex 2025.11.7)  26 JAN 2026 04:37
entering extended mode
 restricted \write18 enabled.
 file:line:error style messages enabled.
 %&-line parsing enabled.
**"d:/Workspace/LaTeX/MCM 2026/Êï∞Â≠¶Âü∫Á°Ä.tex"
(d:/Workspace/LaTeX/MCM 2026/Êï∞Â≠¶Âü∫Á°Ä.tex
LaTeX2e <2024-11-01> patch level 2
L3 programming layer <2025-01-18>
(d:/texlive/2025/texmf-dist/tex/latex/base/article.cls
Document Class: article 2024/06/29 v1.4n Standard LaTeX document class
(d:/texlive/2025/texmf-dist/tex/latex/base/size12.clo
File: size12.clo 2024/06/29 v1.4n Standard LaTeX file (size option)
)
\c@part=\count196
\c@section=\count197
\c@subsection=\count198
\c@subsubsection=\count199
\c@paragraph=\count266
\c@subparagraph=\count267
\c@figure=\count268
\c@table=\count269
\abovecaptionskip=\skip49
\belowcaptionskip=\skip50
\bibindent=\dimen141
) (d:/texlive/2025/texmf-dist/tex/latex/newtx/newtxtext.sty
Package: newtxtext 2024/04/01 v1.744(Michael Sharpe) latex and unicode latex support for TeXGyreTermesX
 `newtxtext' v1.744, 2024/04/01 Text macros taking advantage of TeXGyre Termes and its extensions (msharpe) (d:/texlive/2025/texmf-dist/tex/latex/xpatch/xpatch.sty (d:/texlive/2025/texmf-dist/tex/latex/l3kernel/expl3.sty
Package: expl3 2025-01-18 L3 programming layer (loader) 
 (d:/texlive/2025/texmf-dist/tex/latex/l3backend/l3backend-pdftex.def
File: l3backend-pdftex.def 2024-05-08 L3 backend support: PDF output (pdfTeX)
\l__color_backend_stack_int=\count270
\l__pdf_internal_box=\box52
))
Package: xpatch 2020/03/25 v0.3a Extending etoolbox patching commands
 (d:/texlive/2025/texmf-dist/tex/latex/l3packages/xparse/xparse.sty
Package: xparse 2024-08-16 L3 Experimental document command parser
) (d:/texlive/2025/texmf-dist/tex/latex/etoolbox/etoolbox.sty
Package: etoolbox 2025/02/11 v2.5l e-TeX tools for LaTeX (JAW)
\etb@tempcnta=\count271
)) (d:/texlive/2025/texmf-dist/tex/latex/xcolor/xcolor.sty
Package: xcolor 2024/09/29 v3.02 LaTeX color extensions (UK)
 (d:/texlive/2025/texmf-dist/tex/latex/graphics-cfg/color.cfg
File: color.cfg 2016/01/02 v1.6 sample color configuration
)
Package xcolor Info: Driver file: pdftex.def on input line 274.
 (d:/texlive/2025/texmf-dist/tex/latex/graphics-def/pdftex.def
File: pdftex.def 2024/04/13 v1.2c Graphics/color driver for pdftex
) (d:/texlive/2025/texmf-dist/tex/latex/graphics/mathcolor.ltx)
Package xcolor Info: Model `cmy' substituted by `cmy0' on input line 1349.
Package xcolor Info: Model `hsb' substituted by `rgb' on input line 1353.
Package xcolor Info: Model `RGB' extended on input line 1365.
Package xcolor Info: Model `HTML' substituted by `rgb' on input line 1367.
Package xcolor Info: Model `Hsb' substituted by `hsb' on input line 1368.
Package xcolor Info: Model `tHsb' substituted by `hsb' on input line 1369.
Package xcolor Info: Model `HSB' substituted by `hsb' on input line 1370.
Package xcolor Info: Model `Gray' substituted by `gray' on input line 1371.
Package xcolor Info: Model `wave' substituted by `hsb' on input line 1372.
) (d:/texlive/2025/texmf-dist/tex/generic/iftex/iftex.sty
Package: iftex 2024/12/12 v1.0g TeX engine tests
) (d:/texlive/2025/texmf-dist/tex/latex/xkeyval/xkeyval.sty
Package: xkeyval 2022/06/16 v2.9 package option processing (HA)
 (d:/texlive/2025/texmf-dist/tex/generic/xkeyval/xkeyval.tex (d:/texlive/2025/texmf-dist/tex/generic/xkeyval/xkvutils.tex
\XKV@toks=\toks17
\XKV@tempa@toks=\toks18
 (d:/texlive/2025/texmf-dist/tex/generic/xkeyval/keyval.tex))
\XKV@depth=\count272
File: xkeyval.tex 2014/12/03 v2.7a key=value parser (HA)
)) (d:/texlive/2025/texmf-dist/tex/latex/base/textcomp.sty
Package: textcomp 2024/04/24 v2.1b Standard LaTeX package
) (d:/texlive/2025/texmf-dist/tex/generic/xstring/xstring.sty (d:/texlive/2025/texmf-dist/tex/generic/xstring/xstring.tex
\xs_counta=\count273
\xs_countb=\count274
)
Package: xstring 2023/08/22 v1.86 String manipulations (CT)
) (d:/texlive/2025/texmf-dist/tex/latex/base/ifthen.sty
Package: ifthen 2024/03/16 v1.1e Standard LaTeX ifthen package (DPC)
) (d:/texlive/2025/texmf-dist/tex/latex/carlisle/scalefnt.sty)
LaTeX Font Info:    Setting ntxLF sub-encoding to TS1/0 on input line 24.
LaTeX Font Info:    Setting ntxTLF sub-encoding to TS1/0 on input line 24.
LaTeX Font Info:    Setting ntxOsF sub-encoding to TS1/0 on input line 24.
LaTeX Font Info:    Setting ntxTOsF sub-encoding to TS1/0 on input line 24.
 (d:/texlive/2025/texmf-dist/tex/generic/kastrup/binhex.tex)
\ntx@tmpcnta=\count275
\ntx@cnt=\count276
 (d:/texlive/2025/texmf-dist/tex/latex/fontaxes/fontaxes.sty
Package: fontaxes 2020/07/21 v1.0e Font selection axes
LaTeX Info: Redefining \upshape on input line 29.
LaTeX Info: Redefining \itshape on input line 31.
LaTeX Info: Redefining \slshape on input line 33.
LaTeX Info: Redefining \swshape on input line 35.
LaTeX Info: Redefining \scshape on input line 37.
LaTeX Info: Redefining \sscshape on input line 39.
LaTeX Info: Redefining \ulcshape on input line 41.
LaTeX Info: Redefining \textsw on input line 47.
LaTeX Info: Redefining \textssc on input line 48.
LaTeX Info: Redefining \textulc on input line 49.
)
\tx@sixem=\dimen142
\tx@y=\dimen143
\tx@x=\dimen144
\tx@tmpdima=\dimen145
\tx@tmpdimb=\dimen146
\tx@tmpdimc=\dimen147
\tx@tmpdimd=\dimen148
\tx@tmpdime=\dimen149
\tx@tmpdimf=\dimen150
\tx@dimA=\dimen151
\tx@dimAA=\dimen152
\tx@dimB=\dimen153
\tx@dimBB=\dimen154
\tx@dimC=\dimen155
LaTeX Info: Redefining \oldstylenums on input line 902.
) (d:/texlive/2025/texmf-dist/tex/latex/amsmath/amsmath.sty
Package: amsmath 2024/11/05 v2.17t AMS math features
\@mathmargin=\skip51

For additional information on amsmath, use the `?' option.
(d:/texlive/2025/texmf-dist/tex/latex/amsmath/amstext.sty
Package: amstext 2021/08/26 v2.01 AMS text
 (d:/texlive/2025/texmf-dist/tex/latex/amsmath/amsgen.sty
File: amsgen.sty 1999/11/30 v2.0 generic functions
\@emptytoks=\toks19
\ex@=\dimen156
)) (d:/texlive/2025/texmf-dist/tex/latex/amsmath/amsbsy.sty
Package: amsbsy 1999/11/29 v1.2d Bold Symbols
\pmbraise@=\dimen157
) (d:/texlive/2025/texmf-dist/tex/latex/amsmath/amsopn.sty
Package: amsopn 2022/04/08 v2.04 operator names
)
\inf@bad=\count277
LaTeX Info: Redefining \frac on input line 233.
\uproot@=\count278
\leftroot@=\count279
LaTeX Info: Redefining \overline on input line 398.
LaTeX Info: Redefining \colon on input line 409.
\classnum@=\count280
\DOTSCASE@=\count281
LaTeX Info: Redefining \ldots on input line 495.
LaTeX Info: Redefining \dots on input line 498.
LaTeX Info: Redefining \cdots on input line 619.
\Mathstrutbox@=\box53
\strutbox@=\box54
LaTeX Info: Redefining \big on input line 721.
LaTeX Info: Redefining \Big on input line 722.
LaTeX Info: Redefining \bigg on input line 723.
LaTeX Info: Redefining \Bigg on input line 724.
\big@size=\dimen158
LaTeX Font Info:    Redeclaring font encoding OML on input line 742.
LaTeX Font Info:    Redeclaring font encoding OMS on input line 743.
\macc@depth=\count282
LaTeX Info: Redefining \bmod on input line 904.
LaTeX Info: Redefining \pmod on input line 909.
LaTeX Info: Redefining \smash on input line 939.
LaTeX Info: Redefining \relbar on input line 969.
LaTeX Info: Redefining \Relbar on input line 970.
\c@MaxMatrixCols=\count283
\dotsspace@=\muskip17
\c@parentequation=\count284
\dspbrk@lvl=\count285
\tag@help=\toks20
\row@=\count286
\column@=\count287
\maxfields@=\count288
\andhelp@=\toks21
\eqnshift@=\dimen159
\alignsep@=\dimen160
\tagshift@=\dimen161
\tagwidth@=\dimen162
\totwidth@=\dimen163
\lineht@=\dimen164
\@envbody=\toks22
\multlinegap=\skip52
\multlinetaggap=\skip53
\mathdisplay@stack=\toks23
LaTeX Info: Redefining \[ on input line 2953.
LaTeX Info: Redefining \] on input line 2954.
) (d:/texlive/2025/texmf-dist/tex/latex/amsfonts/amssymb.sty
Package: amssymb 2013/01/14 v3.01 AMS font symbols
 (d:/texlive/2025/texmf-dist/tex/latex/amsfonts/amsfonts.sty
Package: amsfonts 2013/01/14 v3.01 Basic AMSFonts support
\symAMSa=\mathgroup4
\symAMSb=\mathgroup5
LaTeX Font Info:    Redeclaring math symbol \hbar on input line 98.
LaTeX Font Info:    Overwriting math alphabet `\mathfrak' in version `bold'
(Font)                  U/euf/m/n --> U/euf/b/n on input line 106.
)) (d:/texlive/2025/texmf-dist/tex/latex/amscls/amsthm.sty
Package: amsthm 2020/05/29 v2.20.6
\thm@style=\toks24
\thm@bodyfont=\toks25
\thm@headfont=\toks26
\thm@notefont=\toks27
\thm@headpunct=\toks28
\thm@preskip=\skip54
\thm@postskip=\skip55
\thm@headsep=\skip56
\dth@everypar=\toks29
) (d:/texlive/2025/texmf-dist/tex/latex/listings/listings.sty
\lst@mode=\count289
\lst@gtempboxa=\box55
\lst@token=\toks30
\lst@length=\count290
\lst@currlwidth=\dimen165
\lst@column=\count291
\lst@pos=\count292
\lst@lostspace=\dimen166
\lst@width=\dimen167
\lst@newlines=\count293
\lst@lineno=\count294
\lst@maxwidth=\dimen168
 (d:/texlive/2025/texmf-dist/tex/latex/listings/lstpatch.sty
File: lstpatch.sty 2024/09/23 1.10c (Carsten Heinz)
) (d:/texlive/2025/texmf-dist/tex/latex/listings/lstmisc.sty
File: lstmisc.sty 2024/09/23 1.10c (Carsten Heinz)
\c@lstnumber=\count295
\lst@skipnumbers=\count296
\lst@framebox=\box56
) (d:/texlive/2025/texmf-dist/tex/latex/listings/listings.cfg
File: listings.cfg 2024/09/23 1.10c listings configuration
))
Package: listings 2024/09/23 1.10c (Carsten Heinz)
 (d:/texlive/2025/texmf-dist/tex/latex/newtx/newtxmath.sty
Package: newtxmath 2024/09/22 v1.754
 `newtxmath' v1.754, 2024/09/22 Math macros based originally on txfonts (msharpe) (d:/texlive/2025/texmf-dist/tex/latex/oberdiek/centernot.sty
Package: centernot 2016/05/16 v1.4 Centers the not symbol horizontally (HO)
)
\tx@cntz=\count297
 (d:/texlive/2025/texmf-dist/tex/generic/kastrup/binhex.tex)
\tx@Isdigit=\count298
\tx@IsAlNum=\count299
\tx@tA=\toks31
\tx@tB=\toks32
\tx@su=\read2

amsthm NOT loaded
LaTeX Font Info:    Redeclaring symbol font `operators' on input line 402.
LaTeX Font Info:    Overwriting symbol font `operators' in version `normal'
(Font)                  OT1/cmr/m/n --> OT1/minntx/m/n on input line 402.
LaTeX Font Info:    Overwriting symbol font `operators' in version `bold'
(Font)                  OT1/cmr/bx/n --> OT1/minntx/m/n on input line 402.
LaTeX Font Info:    Overwriting symbol font `operators' in version `bold'
(Font)                  OT1/minntx/m/n --> OT1/minntx/b/n on input line 403.
LaTeX Font Info:    Redeclaring math alphabet \mathsf on input line 410.
LaTeX Font Info:    Overwriting math alphabet `\mathsf' in version `normal'
(Font)                  OT1/cmss/m/n --> OT1/qhv/m/n on input line 410.
LaTeX Font Info:    Overwriting math alphabet `\mathsf' in version `bold'
(Font)                  OT1/cmss/bx/n --> OT1/qhv/m/n on input line 410.
LaTeX Font Info:    Overwriting math alphabet `\mathsf' in version `bold'
(Font)                  OT1/qhv/m/n --> OT1/qhv/b/n on input line 412.
LaTeX Font Info:    Redeclaring math alphabet \mathit on input line 419.
LaTeX Font Info:    Overwriting math alphabet `\mathit' in version `normal'
(Font)                  OT1/cmr/m/it --> OT1/minntx/m/it on input line 419.
LaTeX Font Info:    Overwriting math alphabet `\mathit' in version `bold'
(Font)                  OT1/cmr/bx/it --> OT1/minntx/m/it on input line 419.
LaTeX Font Info:    Redeclaring math alphabet \mathtt on input line 420.
LaTeX Font Info:    Overwriting math alphabet `\mathtt' in version `normal'
(Font)                  OT1/cmtt/m/n --> OT1/ntxtt/m/n on input line 420.
LaTeX Font Info:    Overwriting math alphabet `\mathtt' in version `bold'
(Font)                  OT1/cmtt/m/n --> OT1/ntxtt/m/n on input line 420.
LaTeX Font Info:    Redeclaring math alphabet \mathbf on input line 422.
LaTeX Font Info:    Overwriting math alphabet `\mathbf' in version `normal'
(Font)                  OT1/cmr/bx/n --> OT1/minntx/b/n on input line 422.
LaTeX Font Info:    Overwriting math alphabet `\mathbf' in version `bold'
(Font)                  OT1/cmr/bx/n --> OT1/minntx/b/n on input line 422.
LaTeX Font Info:    Overwriting math alphabet `\mathit' in version `bold'
(Font)                  OT1/minntx/m/it --> OT1/minntx/b/it on input line 423.
LaTeX Font Info:    Overwriting math alphabet `\mathtt' in version `bold'
(Font)                  OT1/ntxtt/m/n --> OT1/ntxtt/b/n on input line 426.
LaTeX Font Info:    Redeclaring symbol font `letters' on input line 534.
LaTeX Font Info:    Overwriting symbol font `letters' in version `normal'
(Font)                  OML/cmm/m/it --> OML/ntxmi/m/it on input line 534.
LaTeX Font Info:    Overwriting symbol font `letters' in version `bold'
(Font)                  OML/cmm/b/it --> OML/ntxmi/m/it on input line 534.
LaTeX Font Info:    Overwriting symbol font `letters' in version `bold'
(Font)                  OML/ntxmi/m/it --> OML/ntxmi/b/it on input line 535.
\symlettersA=\mathgroup6
LaTeX Font Info:    Overwriting symbol font `lettersA' in version `bold'
(Font)                  U/ntxmia/m/it --> U/ntxmia/b/it on input line 582.
LaTeX Font Info:    Redeclaring math alphabet \mathfrak on input line 584.
Now handling font encoding LMS ...
... no UTF-8 mapping file for font encoding LMS
LaTeX Font Info:    Redeclaring symbol font `symbols' on input line 604.
LaTeX Font Info:    Encoding `OMS' has changed to `LMS' for symbol font
(Font)              `symbols' in the math version `normal' on input line 604.
LaTeX Font Info:    Overwriting symbol font `symbols' in version `normal'
(Font)                  OMS/cmsy/m/n --> LMS/ntxsy/m/n on input line 604.
LaTeX Font Info:    Encoding `OMS' has changed to `LMS' for symbol font
(Font)              `symbols' in the math version `bold' on input line 604.
LaTeX Font Info:    Overwriting symbol font `symbols' in version `bold'
(Font)                  OMS/cmsy/b/n --> LMS/ntxsy/m/n on input line 604.
LaTeX Font Info:    Overwriting symbol font `symbols' in version `bold'
(Font)                  LMS/ntxsy/m/n --> LMS/ntxsy/b/n on input line 605.
\symAMSm=\mathgroup7
LaTeX Font Info:    Overwriting symbol font `AMSm' in version `bold'
(Font)                  U/ntxsym/m/n --> U/ntxsym/b/n on input line 630.
\symsymbolsC=\mathgroup8
LaTeX Font Info:    Overwriting symbol font `symbolsC' in version `bold'
(Font)                  U/ntxsyc/m/n --> U/ntxsyc/b/n on input line 651.
Now handling font encoding LMX ...
... no UTF-8 mapping file for font encoding LMX
LaTeX Font Info:    Redeclaring symbol font `largesymbols' on input line 664.
LaTeX Font Info:    Encoding `OMX' has changed to `LMX' for symbol font
(Font)              `largesymbols' in the math version `normal' on input line 664.
LaTeX Font Info:    Overwriting symbol font `largesymbols' in version `normal'
(Font)                  OMX/cmex/m/n --> LMX/ntxexx/m/n on input line 664.
LaTeX Font Info:    Encoding `OMX' has changed to `LMX' for symbol font
(Font)              `largesymbols' in the math version `bold' on input line 664.
LaTeX Font Info:    Overwriting symbol font `largesymbols' in version `bold'
(Font)                  OMX/cmex/m/n --> LMX/ntxexx/m/n on input line 664.
LaTeX Font Info:    Overwriting symbol font `largesymbols' in version `bold'
(Font)                  LMX/ntxexx/m/n --> LMX/ntxexx/b/n on input line 665.
\symlargesymbolsTXA=\mathgroup9
LaTeX Font Info:    Overwriting symbol font `largesymbolsTXA' in version `bold'
(Font)                  U/ntxexa/m/n --> U/ntxexa/b/n on input line 679.
\tx@sbptoks=\toks33
LaTeX Font Info:    Redeclaring math delimiter \lfloor on input line 902.
LaTeX Font Info:    Redeclaring math delimiter \rfloor on input line 903.
LaTeX Font Info:    Redeclaring math delimiter \lceil on input line 904.
LaTeX Font Info:    Redeclaring math delimiter \rceil on input line 905.
LaTeX Font Info:    Redeclaring math delimiter \lbrace on input line 910.
LaTeX Font Info:    Redeclaring math delimiter \rbrace on input line 911.
LaTeX Font Info:    Redeclaring math delimiter \langle on input line 913.
LaTeX Font Info:    Redeclaring math delimiter \rangle on input line 915.
LaTeX Font Info:    Redeclaring math delimiter \arrowvert on input line 919.
LaTeX Font Info:    Redeclaring math delimiter \vert on input line 920.
LaTeX Font Info:    Redeclaring math accent \dot on input line 991.
LaTeX Font Info:    Redeclaring math accent \ddot on input line 992.
LaTeX Font Info:    Redeclaring math accent \vec on input line 2057.
LaTeX Info: Redefining \Bbbk on input line 2847.
LaTeX Info: Redefining \not on input line 2995.
LaTeX Info: Redefining \textsquare on input line 3025.
LaTeX Info: Redefining \openbox on input line 3027.
) (d:/texlive/2025/texmf-dist/tex/latex/was/upgreek.sty
Package: upgreek 2003/02/12 v2.0 (WaS)
Package upgreek Info: Using Euler Roman for upright Greek on input line 31.
\symugrf@m=\mathgroup10
LaTeX Font Info:    Overwriting symbol font `ugrf@m' in version `bold'
(Font)                  U/eur/m/n --> U/eur/b/n on input line 38.
LaTeX Font Info:    Redeclaring math symbol \upalpha on input line 40.
LaTeX Font Info:    Redeclaring math symbol \upbeta on input line 41.
LaTeX Font Info:    Redeclaring math symbol \upgamma on input line 42.
LaTeX Font Info:    Redeclaring math symbol \updelta on input line 43.
LaTeX Font Info:    Redeclaring math symbol \upepsilon on input line 44.
LaTeX Font Info:    Redeclaring math symbol \upzeta on input line 45.
LaTeX Font Info:    Redeclaring math symbol \upeta on input line 46.
LaTeX Font Info:    Redeclaring math symbol \uptheta on input line 47.
LaTeX Font Info:    Redeclaring math symbol \upiota on input line 48.
LaTeX Font Info:    Redeclaring math symbol \upkappa on input line 49.
LaTeX Font Info:    Redeclaring math symbol \uplambda on input line 50.
LaTeX Font Info:    Redeclaring math symbol \upmu on input line 51.
LaTeX Font Info:    Redeclaring math symbol \upnu on input line 52.
LaTeX Font Info:    Redeclaring math symbol \upxi on input line 53.
LaTeX Font Info:    Redeclaring math symbol \uprho on input line 55.
LaTeX Font Info:    Redeclaring math symbol \upsigma on input line 56.
LaTeX Font Info:    Redeclaring math symbol \uptau on input line 57.
LaTeX Font Info:    Redeclaring math symbol \upupsilon on input line 58.
LaTeX Font Info:    Redeclaring math symbol \upphi on input line 59.
LaTeX Font Info:    Redeclaring math symbol \upchi on input line 60.
LaTeX Font Info:    Redeclaring math symbol \uppsi on input line 61.
LaTeX Font Info:    Redeclaring math symbol \upomega on input line 62.
LaTeX Font Info:    Redeclaring math symbol \upvarepsilon on input line 63.
LaTeX Font Info:    Redeclaring math symbol \upvartheta on input line 64.
LaTeX Font Info:    Redeclaring math symbol \upvarpi on input line 65.
LaTeX Font Info:    Redeclaring math symbol \upvarphi on input line 68.
) (d:/texlive/2025/texmf-dist/tex/latex/ctex/ctex.sty
Package: ctex 2022/07/14 v2.5.10 Chinese adapter in LaTeX (CTEX)
 (d:/texlive/2025/texmf-dist/tex/latex/ctex/ctexhook.sty
Package: ctexhook 2022/07/14 v2.5.10 Document and package hooks (CTEX)
) (d:/texlive/2025/texmf-dist/tex/latex/ctex/ctexpatch.sty
Package: ctexpatch 2022/07/14 v2.5.10 Patching commands (CTEX)
) (d:/texlive/2025/texmf-dist/tex/latex/base/fix-cm.sty
Package: fix-cm 2020/11/24 v1.1t fixes to LaTeX
 (d:/texlive/2025/texmf-dist/tex/latex/base/ts1enc.def
File: ts1enc.def 2001/06/05 v3.0e (jk/car/fm) Standard LaTeX file
LaTeX Font Info:    Redeclaring font encoding TS1 on input line 47.
))
\l__ctex_tmp_int=\count300
\l__ctex_tmp_box=\box57
\l__ctex_tmp_dim=\dimen169
\g__ctex_section_depth_int=\count301
\g__ctex_font_size_int=\count302
 (d:/texlive/2025/texmf-dist/tex/latex/ctex/config/ctexopts.cfg
File: ctexopts.cfg 2022/07/14 v2.5.10 Option configuration file (CTEX)
) (d:/texlive/2025/texmf-dist/tex/latex/ctex/engine/ctex-engine-pdftex.def
File: ctex-engine-pdftex.def 2022/07/14 v2.5.10 (pdf)LaTeX adapter (CTEX)
 (d:/texlive/2025/texmf-dist/tex/latex/cjk/texinput/CJKutf8.sty
Package: CJKutf8 2021/10/16 4.8.5
 (d:/texlive/2025/texmf-dist/tex/generic/iftex/ifpdf.sty
Package: ifpdf 2019/10/25 v3.4 ifpdf legacy package. Use iftex instead.
) (d:/texlive/2025/texmf-dist/tex/latex/base/inputenc.sty
Package: inputenc 2024/02/08 v1.3d Input encoding file
\inpenc@prehook=\toks34
\inpenc@posthook=\toks35
) (d:/texlive/2025/texmf-dist/tex/latex/cjk/texinput/CJK.sty
Package: CJK 2021/10/16 4.8.5
 (d:/texlive/2025/texmf-dist/tex/latex/cjk/texinput/mule/MULEenc.sty
Package: MULEenc 2021/10/16 4.8.5
) (d:/texlive/2025/texmf-dist/tex/latex/cjk/texinput/CJK.enc
File: CJK.enc 2021/10/16 4.8.5
Now handling font encoding C00 ...
... no UTF-8 mapping file for font encoding C00
Now handling font encoding C05 ...
... no UTF-8 mapping file for font encoding C05
Now handling font encoding C09 ...
... no UTF-8 mapping file for font encoding C09
Now handling font encoding C10 ...
... no UTF-8 mapping file for font encoding C10
Now handling font encoding C20 ...
... no UTF-8 mapping file for font encoding C20
Now handling font encoding C19 ...
... no UTF-8 mapping file for font encoding C19
Now handling font encoding C40 ...
... no UTF-8 mapping file for font encoding C40
Now handling font encoding C42 ...
... no UTF-8 mapping file for font encoding C42
Now handling font encoding C43 ...
... no UTF-8 mapping file for font encoding C43
Now handling font encoding C50 ...
... no UTF-8 mapping file for font encoding C50
Now handling font encoding C52 ...
... no UTF-8 mapping file for font encoding C52
Now handling font encoding C49 ...
... no UTF-8 mapping file for font encoding C49
Now handling font encoding C60 ...
... no UTF-8 mapping file for font encoding C60
Now handling font encoding C61 ...
... no UTF-8 mapping file for font encoding C61
Now handling font encoding C63 ...
... no UTF-8 mapping file for font encoding C63
Now handling font encoding C64 ...
... no UTF-8 mapping file for font encoding C64
Now handling font encoding C65 ...
... no UTF-8 mapping file for font encoding C65
Now handling font encoding C70 ...
... no UTF-8 mapping file for font encoding C70
Now handling font encoding C31 ...
... no UTF-8 mapping file for font encoding C31
Now handling font encoding C32 ...
... no UTF-8 mapping file for font encoding C32
Now handling font encoding C33 ...
... no UTF-8 mapping file for font encoding C33
Now handling font encoding C34 ...
... no UTF-8 mapping file for font encoding C34
Now handling font encoding C35 ...
... no UTF-8 mapping file for font encoding C35
Now handling font encoding C36 ...
... no UTF-8 mapping file for font encoding C36
Now handling font encoding C37 ...
... no UTF-8 mapping file for font encoding C37
Now handling font encoding C80 ...
... no UTF-8 mapping file for font encoding C80
Now handling font encoding C81 ...
... no UTF-8 mapping file for font encoding C81
Now handling font encoding C01 ...
... no UTF-8 mapping file for font encoding C01
Now handling font encoding C11 ...
... no UTF-8 mapping file for font encoding C11
Now handling font encoding C21 ...
... no UTF-8 mapping file for font encoding C21
Now handling font encoding C41 ...
... no UTF-8 mapping file for font encoding C41
Now handling font encoding C62 ...
... no UTF-8 mapping file for font encoding C62
)
\CJK@indent=\box58
) (d:/texlive/2025/texmf-dist/tex/latex/base/fontenc.sty
Package: fontenc 2021/04/29 v2.0v Standard LaTeX package
LaTeX Font Info:    Trying to load font information for OT1+minntx on input line 116.
 (d:/texlive/2025/texmf-dist/tex/latex/newtx/ot1minntx.fd
File: ot1minntx.fd 2023/09/09 v1.1 font definition file for OT1/minntx
)
LaTeX Font Info:    Font shape `OT1/minntx/m/n' will be
(Font)              scaled to size 12.0pt on input line 116.
)) (d:/texlive/2025/texmf-dist/tex/latex/cjkpunct/CJKpunct.sty
Package: CJKpunct 2016/05/14 4.8.4
\CJKpunct@cnta=\count303
\CJKpunct@cntb=\count304
\CJKpunct@cntc=\count305
\CJKpunct@cntd=\count306
\CJKpunct@cnte=\count307
   defining Unicode char U+2018 (decimal 8216)
   defining Unicode char U+2019 (decimal 8217)
   defining Unicode char U+201C (decimal 8220)
   defining Unicode char U+201D (decimal 8221)
   defining Unicode char U+2014 (decimal 8212)
   defining Unicode char U+2026 (decimal 8230)
 (d:/texlive/2025/texmf-dist/tex/latex/cjkpunct/CJKpunct.spa)) (d:/texlive/2025/texmf-dist/tex/latex/cjk/texinput/CJKspace.sty
Package: CJKspace 2021/10/16 3.8.0
) (d:/texlive/2025/texmf-dist/tex/latex/cjk/texinput/UTF8/UTF8.bdg
File: UTF8.bdg 2021/10/16 4.8.5
) (d:/texlive/2025/texmf-dist/tex/latex/ctex/ctexspa.def
File: ctexspa.def 2022/07/14 v2.5.10 Space info for CJKpunct (CTEX)
)
\ccwd=\dimen170
\l__ctex_ccglue_skip=\skip57
)
\l__ctex_ziju_dim=\dimen171
 (d:/texlive/2025/texmf-dist/tex/latex/zhnumber/zhnumber.sty
Package: zhnumber 2022/07/14 v3.0 Typesetting numbers with Chinese glyphs
\l__zhnum_scale_int=\count308
\l__zhnum_tmp_int=\count309
 (d:/texlive/2025/texmf-dist/tex/latex/zhnumber/zhnumber-utf8.cfg
File: zhnumber-utf8.cfg 2022/07/14 v3.0 Chinese numerals with UTF8 encoding
)) (d:/texlive/2025/texmf-dist/tex/latex/ctex/scheme/ctex-scheme-chinese.def
File: ctex-scheme-chinese.def 2022/07/14 v2.5.10 Chinese scheme for generic (CTEX)
 (d:/texlive/2025/texmf-dist/tex/latex/ctex/config/ctex-name-utf8.cfg
File: ctex-name-utf8.cfg 2022/07/14 v2.5.10 Caption with encoding UTF-8 (CTEX)
)) (d:/texlive/2025/texmf-dist/tex/latex/tools/indentfirst.sty
Package: indentfirst 2023/07/02 v1.03 Indent first paragraph (DPC)
)
LaTeX Font Info:    Font shape `OT1/minntx/m/n' will be
(Font)              scaled to size 10.0pt on input line 714.
 (d:/texlive/2025/texmf-dist/tex/latex/ctex/fontset/ctex-fontset-windows.def
File: ctex-fontset-windows.def 2022/07/14 v2.5.10 Windows fonts definition (CTEX)
)) (d:/texlive/2025/texmf-dist/tex/latex/ctex/config/ctex.cfg
File: ctex.cfg 2022/07/14 v2.5.10 Configuration file (CTEX)
)
LaTeX Font Info:    Trying to load font information for OT1+ntxtlf on input line 10.
 (d:/texlive/2025/texmf-dist/tex/latex/newtx/ot1ntxtlf.fd
File: ot1ntxtlf.fd 2021/05/24 v1.0 font definition file for OT1/ntx/tlf
)
LaTeX Font Info:    Font shape `OT1/ntxtlf/m/n' will be
(Font)              scaled to size 12.0pt on input line 10.
 (d:/texlive/2025/texmf-dist/tex/latex/cjk/texinput/UTF8/UTF8.enc
File: UTF8.enc 2021/10/16 4.8.5
) (d:/texlive/2025/texmf-dist/tex/latex/cjk/texinput/UTF8/UTF8.chr
File: UTF8.chr 2021/10/16 4.8.5
) (./Êï∞Â≠¶Âü∫Á°Ä.aux)
\openout1 = `Êï∞Â≠¶Âü∫Á°Ä.aux'.

LaTeX Font Info:    Checking defaults for OML/ntxmi/m/it on input line 10.
LaTeX Font Info:    Trying to load font information for OML+ntxmi on input line 10.
 (d:/texlive/2025/texmf-dist/tex/latex/newtx/omlntxmi.fd
File: omlntxmi.fd 2015/08/25 Fontinst v1.933 font definitions for OML/ntxmi.
)
LaTeX Font Info:    ... okay on input line 10.
LaTeX Font Info:    Checking defaults for OMS/cmsy/m/n on input line 10.
LaTeX Font Info:    ... okay on input line 10.
LaTeX Font Info:    Checking defaults for OT1/cmr/m/n on input line 10.
LaTeX Font Info:    ... okay on input line 10.
LaTeX Font Info:    Checking defaults for T1/cmr/m/n on input line 10.
LaTeX Font Info:    ... okay on input line 10.
LaTeX Font Info:    Checking defaults for TS1/cmr/m/n on input line 10.
LaTeX Font Info:    ... okay on input line 10.
LaTeX Font Info:    Checking defaults for OMX/cmex/m/n on input line 10.
LaTeX Font Info:    ... okay on input line 10.
LaTeX Font Info:    Checking defaults for U/ntxexa/m/n on input line 10.
LaTeX Font Info:    Trying to load font information for U+ntxexa on input line 10.
 (d:/texlive/2025/texmf-dist/tex/latex/newtx/untxexa.fd
File: untxexa.fd 2012/04/16 Fontinst v1.933 font definitions for U/ntxexa.
)
LaTeX Font Info:    ... okay on input line 10.
LaTeX Font Info:    Checking defaults for LMS/ntxsy/m/n on input line 10.
LaTeX Font Info:    Trying to load font information for LMS+ntxsy on input line 10.
 (d:/texlive/2025/texmf-dist/tex/latex/newtx/lmsntxsy.fd
File: lmsntxsy.fd 2016/07/02 Fontinst v1.933 font definitions for LMS/ntxsy.
)
LaTeX Font Info:    ... okay on input line 10.
LaTeX Font Info:    Checking defaults for LMX/ntxexx/m/n on input line 10.
LaTeX Font Info:    Trying to load font information for LMX+ntxexx on input line 10.
 (d:/texlive/2025/texmf-dist/tex/latex/newtx/lmxntxexx.fd
File: lmxntxexx.fd 2016/07/03 Fontinst v1.933 font definitions for LMX/ntxexx.
)
LaTeX Font Info:    ... okay on input line 10.
LaTeX Font Info:    Checking defaults for C00/song/m/n on input line 10.
LaTeX Font Info:    ... okay on input line 10.
LaTeX Font Info:    Checking defaults for C05/song/m/n on input line 10.
LaTeX Font Info:    ... okay on input line 10.
LaTeX Font Info:    Checking defaults for C09/song/m/n on input line 10.
LaTeX Font Info:    ... okay on input line 10.
LaTeX Font Info:    Checking defaults for C10/song/m/n on input line 10.
LaTeX Font Info:    ... okay on input line 10.
LaTeX Font Info:    Checking defaults for C20/song/m/n on input line 10.
LaTeX Font Info:    ... okay on input line 10.
LaTeX Font Info:    Checking defaults for C19/song/m/n on input line 10.
LaTeX Font Info:    ... okay on input line 10.
LaTeX Font Info:    Checking defaults for C40/song/m/n on input line 10.
LaTeX Font Info:    ... okay on input line 10.
LaTeX Font Info:    Checking defaults for C42/song/m/n on input line 10.
LaTeX Font Info:    ... okay on input line 10.
LaTeX Font Info:    Checking defaults for C43/song/m/n on input line 10.
LaTeX Font Info:    ... okay on input line 10.
LaTeX Font Info:    Checking defaults for C50/song/m/n on input line 10.
LaTeX Font Info:    ... okay on input line 10.
LaTeX Font Info:    Checking defaults for C52/song/m/n on input line 10.
LaTeX Font Info:    ... okay on input line 10.
LaTeX Font Info:    Checking defaults for C49/song/m/n on input line 10.
LaTeX Font Info:    ... okay on input line 10.
LaTeX Font Info:    Checking defaults for C60/mj/m/n on input line 10.
LaTeX Font Info:    ... okay on input line 10.
LaTeX Font Info:    Checking defaults for C61/mj/m/n on input line 10.
LaTeX Font Info:    ... okay on input line 10.
LaTeX Font Info:    Checking defaults for C63/mj/m/n on input line 10.
LaTeX Font Info:    ... okay on input line 10.
LaTeX Font Info:    Checking defaults for C64/mj/m/n on input line 10.
LaTeX Font Info:    ... okay on input line 10.
LaTeX Font Info:    Checking defaults for C65/mj/m/n on input line 10.
LaTeX Font Info:    ... okay on input line 10.
LaTeX Font Info:    Checking defaults for C70/song/m/n on input line 10.
LaTeX Font Info:    ... okay on input line 10.
LaTeX Font Info:    Checking defaults for C31/song/m/n on input line 10.
LaTeX Font Info:    ... okay on input line 10.
LaTeX Font Info:    Checking defaults for C32/song/m/n on input line 10.
LaTeX Font Info:    ... okay on input line 10.
LaTeX Font Info:    Checking defaults for C33/song/m/n on input line 10.
LaTeX Font Info:    ... okay on input line 10.
LaTeX Font Info:    Checking defaults for C34/song/m/n on input line 10.
LaTeX Font Info:    ... okay on input line 10.
LaTeX Font Info:    Checking defaults for C35/song/m/n on input line 10.
LaTeX Font Info:    ... okay on input line 10.
LaTeX Font Info:    Checking defaults for C36/song/m/n on input line 10.
LaTeX Font Info:    ... okay on input line 10.
LaTeX Font Info:    Checking defaults for C37/song/m/n on input line 10.
LaTeX Font Info:    ... okay on input line 10.
LaTeX Font Info:    Checking defaults for C80/song/m/n on input line 10.
LaTeX Font Info:    ... okay on input line 10.
LaTeX Font Info:    Checking defaults for C81/song/m/n on input line 10.
LaTeX Font Info:    ... okay on input line 10.
LaTeX Font Info:    Checking defaults for C01/song/m/n on input line 10.
LaTeX Font Info:    ... okay on input line 10.
LaTeX Font Info:    Checking defaults for C11/song/m/n on input line 10.
LaTeX Font Info:    ... okay on input line 10.
LaTeX Font Info:    Checking defaults for C21/song/m/n on input line 10.
LaTeX Font Info:    ... okay on input line 10.
LaTeX Font Info:    Checking defaults for C41/song/m/n on input line 10.
LaTeX Font Info:    ... okay on input line 10.
LaTeX Font Info:    Checking defaults for C62/song/m/n on input line 10.
LaTeX Font Info:    ... okay on input line 10.
 (d:/texlive/2025/texmf-dist/tex/context/base/mkii/supp-pdf.mkii
[Loading MPS to PDF converter (version 2006.09.02).]
\scratchcounter=\count310
\scratchdimen=\dimen172
\scratchbox=\box59
\nofMPsegments=\count311
\nofMParguments=\count312
\everyMPshowfont=\toks36
\MPscratchCnt=\count313
\MPscratchDim=\dimen173
\MPnumerator=\count314
\makeMPintoPDFobject=\count315
\everyMPtoPDFconversion=\toks37
)
\c@mv@tabular=\count316
\c@mv@boldtabular=\count317
LaTeX Info: Command `\dddot' is already robust on input line 10.
LaTeX Info: Command `\ddddot' is already robust on input line 10.
\c@lstlisting=\count318
LaTeX Font Info:    Font shape `OT1/ntxtlf/m/n' will be
(Font)              scaled to size 20.74pt on input line 15.
LaTeX Font Info:    Trying to load font information for C70+rm on input line 15.
 (d:/texlive/2025/texmf-dist/tex/latex/ctex/fd/c70rm.fd
File: c70rm.fd 2022/07/14 v2.5.10 Chinese font definition (CTEX)
)
LaTeX Font Info:    Font shape `OT1/ntxtlf/m/n' will be
(Font)              scaled to size 14.4pt on input line 15.
LaTeX Font Info:    Font shape `OT1/minntx/m/n' will be
(Font)              scaled to size 14.4pt on input line 15.
LaTeX Font Info:    Font shape `OT1/minntx/m/n' will be
(Font)              scaled to size 10.5pt on input line 15.
LaTeX Font Info:    Font shape `OT1/minntx/m/n' will be
(Font)              scaled to size 7.9pt on input line 15.
LaTeX Font Info:    Font shape `OML/ntxmi/m/it' will be
(Font)              scaled to size 14.4pt on input line 15.
LaTeX Font Info:    Font shape `OML/ntxmi/m/it' will be
(Font)              scaled to size 10.5pt on input line 15.
LaTeX Font Info:    Font shape `OML/ntxmi/m/it' will be
(Font)              scaled to size 7.9pt on input line 15.
LaTeX Font Info:    Font shape `LMS/ntxsy/m/n' will be
(Font)              scaled to size 14.4pt on input line 15.
LaTeX Font Info:    Font shape `LMS/ntxsy/m/n' will be
(Font)              scaled to size 10.5pt on input line 15.
LaTeX Font Info:    Font shape `LMS/ntxsy/m/n' will be
(Font)              scaled to size 7.9pt on input line 15.
LaTeX Font Info:    Font shape `LMX/ntxexx/m/n' will be
(Font)              scaled to size 14.4pt on input line 15.
LaTeX Font Info:    Font shape `LMX/ntxexx/m/n' will be
(Font)              scaled to size 10.5pt on input line 15.
LaTeX Font Info:    Font shape `LMX/ntxexx/m/n' will be
(Font)              scaled to size 7.9pt on input line 15.
LaTeX Font Info:    Trying to load font information for U+msa on input line 15.
 (d:/texlive/2025/texmf-dist/tex/latex/amsfonts/umsa.fd
File: umsa.fd 2013/01/14 v3.01 AMS symbols A
)
LaTeX Font Info:    Trying to load font information for U+msb on input line 15.
 (d:/texlive/2025/texmf-dist/tex/latex/amsfonts/umsb.fd
File: umsb.fd 2013/01/14 v3.01 AMS symbols B
)
LaTeX Font Info:    Trying to load font information for U+ntxmia on input line 15.
 (d:/texlive/2025/texmf-dist/tex/latex/newtx/untxmia.fd
File: untxmia.fd 2024/04/09 Fontinst v1.933 font definitions for U/ntxmia.
)
LaTeX Font Info:    Font shape `U/ntxmia/m/it' will be
(Font)              scaled to size 14.4pt on input line 15.
LaTeX Font Info:    Font shape `U/ntxmia/m/it' will be
(Font)              scaled to size 10.5pt on input line 15.
LaTeX Font Info:    Font shape `U/ntxmia/m/it' will be
(Font)              scaled to size 7.9pt on input line 15.
LaTeX Font Info:    Trying to load font information for U+ntxsym on input line 15.
 (d:/texlive/2025/texmf-dist/tex/latex/newtx/untxsym.fd
File: untxsym.fd 2023/08/16 Fontinst v1.933 font definitions for U/ntxsym.
)
LaTeX Font Info:    Font shape `U/ntxsym/m/n' will be
(Font)              scaled to size 14.4pt on input line 15.
LaTeX Font Info:    Font shape `U/ntxsym/m/n' will be
(Font)              scaled to size 10.5pt on input line 15.
LaTeX Font Info:    Font shape `U/ntxsym/m/n' will be
(Font)              scaled to size 7.9pt on input line 15.
LaTeX Font Info:    Trying to load font information for U+ntxsyc on input line 15.
 (d:/texlive/2025/texmf-dist/tex/latex/newtx/untxsyc.fd
File: untxsyc.fd 2012/04/12 Fontinst v1.933 font definitions for U/ntxsyc.
)
LaTeX Font Info:    Font shape `U/ntxsyc/m/n' will be
(Font)              scaled to size 14.4pt on input line 15.
LaTeX Font Info:    Font shape `U/ntxsyc/m/n' will be
(Font)              scaled to size 10.5pt on input line 15.
LaTeX Font Info:    Font shape `U/ntxsyc/m/n' will be
(Font)              scaled to size 7.9pt on input line 15.
LaTeX Font Info:    Font shape `U/ntxexa/m/n' will be
(Font)              scaled to size 14.4pt on input line 15.
LaTeX Font Info:    Font shape `U/ntxexa/m/n' will be
(Font)              scaled to size 10.5pt on input line 15.
LaTeX Font Info:    Font shape `U/ntxexa/m/n' will be
(Font)              scaled to size 7.9pt on input line 15.
LaTeX Font Info:    Font shape `OT1/ntxtlf/m/n' will be
(Font)              scaled to size 17.28pt on input line 17.
LaTeX Font Info:    Font shape `OT1/ntxtlf/b/n' will be
(Font)              scaled to size 17.28pt on input line 17.
LaTeX Font Info:    Font shape `OT1/ntxtlf/b/n' will be
(Font)              scaled to size 14.4pt on input line 19.
Package CJKpunct Info: use punctuation spaces for family 'rm' with punctstyle (quanjiao) on input line 21.
LaTeX Font Info:    Trying to load font information for TS1+ntxtlf on input line 23.
 (d:/texlive/2025/texmf-dist/tex/latex/newtx/ts1ntxtlf.fd
File: ts1ntxtlf.fd 2015/01/18 v1.0 fd file for TS1/ntxtlf
)
LaTeX Font Info:    Font shape `TS1/ntxtlf/m/n' will be
(Font)              scaled to size 12.0pt on input line 23.
LaTeX Font Info:    Font shape `OT1/minntx/m/n' will be
(Font)              scaled to size 8.8pt on input line 28.
LaTeX Font Info:    Font shape `OT1/minntx/m/n' will be
(Font)              scaled to size 6.6pt on input line 28.
LaTeX Font Info:    Font shape `OML/ntxmi/m/it' will be
(Font)              scaled to size 12.0pt on input line 28.
LaTeX Font Info:    Font shape `OML/ntxmi/m/it' will be
(Font)              scaled to size 8.8pt on input line 28.
LaTeX Font Info:    Font shape `OML/ntxmi/m/it' will be
(Font)              scaled to size 6.6pt on input line 28.
LaTeX Font Info:    Font shape `LMS/ntxsy/m/n' will be
(Font)              scaled to size 12.0pt on input line 28.
LaTeX Font Info:    Font shape `LMS/ntxsy/m/n' will be
(Font)              scaled to size 8.8pt on input line 28.
LaTeX Font Info:    Font shape `LMS/ntxsy/m/n' will be
(Font)              scaled to size 6.6pt on input line 28.
LaTeX Font Info:    Font shape `LMX/ntxexx/m/n' will be
(Font)              scaled to size 12.0pt on input line 28.
LaTeX Font Info:    Font shape `LMX/ntxexx/m/n' will be
(Font)              scaled to size 8.8pt on input line 28.
LaTeX Font Info:    Font shape `LMX/ntxexx/m/n' will be
(Font)              scaled to size 6.6pt on input line 28.
LaTeX Font Info:    Font shape `U/ntxmia/m/it' will be
(Font)              scaled to size 12.0pt on input line 28.
LaTeX Font Info:    Font shape `U/ntxmia/m/it' will be
(Font)              scaled to size 8.8pt on input line 28.
LaTeX Font Info:    Font shape `U/ntxmia/m/it' will be
(Font)              scaled to size 6.6pt on input line 28.
LaTeX Font Info:    Font shape `U/ntxsym/m/n' will be
(Font)              scaled to size 12.0pt on input line 28.
LaTeX Font Info:    Font shape `U/ntxsym/m/n' will be
(Font)              scaled to size 8.8pt on input line 28.
LaTeX Font Info:    Font shape `U/ntxsym/m/n' will be
(Font)              scaled to size 6.6pt on input line 28.
LaTeX Font Info:    Font shape `U/ntxsyc/m/n' will be
(Font)              scaled to size 12.0pt on input line 28.
LaTeX Font Info:    Font shape `U/ntxsyc/m/n' will be
(Font)              scaled to size 8.8pt on input line 28.
LaTeX Font Info:    Font shape `U/ntxsyc/m/n' will be
(Font)              scaled to size 6.6pt on input line 28.
LaTeX Font Info:    Font shape `U/ntxexa/m/n' will be
(Font)              scaled to size 12.0pt on input line 28.
LaTeX Font Info:    Font shape `U/ntxexa/m/n' will be
(Font)              scaled to size 8.8pt on input line 28.
LaTeX Font Info:    Font shape `U/ntxexa/m/n' will be
(Font)              scaled to size 6.6pt on input line 28.
LaTeX Font Info:    Font shape `OT1/ntxtlf/b/n' will be
(Font)              scaled to size 12.0pt on input line 36.


(d:/texlive/2025/texmf-dist/tex/generic/ctex/zhmap/ctex-zhmap-windows.tex
File: ctex-zhmap-windows.tex 2022/07/14 v2.5.10 Windows font map loader for pdfTeX and DVIPDFMx (CTEX)
{d:/texlive/2025/texmf-var/fonts/map/pdftex/updmap/pdftex.map}{UGBK.sfd}{Unicode.sfd}) [1

{d:/texlive/2025/texmf-dist/fonts/enc/dvips/newtx/ntx-ot1-tlf.enc}{d:/texlive/2025/texmf-dist/fonts/enc/dvips/tex-gyre/q-ts1.enc}]

[2]

[3]
Overfull \hbox (11.42131pt too wide) in paragraph at lines 130--131
[]\C70/rm/m/n/12/62 ^^Q \C70/rm/m/n/12/4e Ï \C70/rm/m/n/12/51 H \C70/rm/m/n/12/4e Œ \C70/rm/m/n/12/79 ª \C70/rm/m/n/12/65 c \C70/rm/m/n/12/60 ≈ \C70/rm/m/n/12/5f b ^^@ \C70/rm/m/n/12/59 À|\C70/rm/m/n/12/30 ^^B| \C70/rm/m/n/12/8b æ \C70/rm/m/n/12/96 è \C70/rm/m/n/12/67 : \C70/rm/m/n/12/53 ÿ \C70/rm/m/n/12/91 œ$\OML/ntxmi/m/it/12 X; Y$\C70/rm/m/n/12/72 Ï \C70/rm/m/n/12/7a À|\C70/rm/m/n/12/ff ^^L| \C70/rm/m/n/12/4e ^^T \C70/rm/m/n/12/51 v \C70/rm/m/n/12/52 ^^F \C70/rm/m/n/12/5e ^^C \C70/rm/m/n/12/52 ^^W ^^F + \C70/rm/m/n/12/4e :$\OML/ntxmi/m/it/12 P[]\LMS/ntxsy/m/n/12 π\OML/ntxmi/m/it/12 k\LMS/ntxsy/m/n/12 ∫\OML/ntxmi/m/it/12 ;$
 []


Overfull \hbox (8.2953pt too wide) in paragraph at lines 133--135
\C70/rm/m/n/12/8f € \C70/rm/m/n/12/80 ^^L \C70/rm/m/n/12/63 ® \C70/rm/m/n/12/5e ^^? \C70/rm/m/n/12/52 0 \C70/rm/m/n/12/8f ﬁ \C70/rm/m/n/12/7e Ì \C70/rm/m/n/12/60 ≈ \C70/rm/m/n/12/5f b|\C70/rm/m/n/12/30 ^^B| \C70/rm/m/n/12/8b æ \C70/rm/m/n/12/96 è \C70/rm/m/n/12/67 : \C70/rm/m/n/12/53 ÿ \C70/rm/m/n/12/91 œ$\OML/ntxmi/m/it/12 X; Y$\C70/rm/m/n/12/72 Ï \C70/rm/m/n/12/7a À|\C70/rm/m/n/12/ff ^^L| \C70/rm/m/n/12/4e ^^T \C70/rm/m/n/12/51 v \C70/rm/m/n/12/69 Ç \C70/rm/m/n/12/73 á \C70/rm/m/n/12/5b ∆ \C70/rm/m/n/12/5e ¶ \C70/rm/m/n/12/51 ˝ \C70/rm/m/n/12/65 p \C70/rm/m/n/12/52 ^^F + \C70/rm/m/n/12/4e :$\OML/ntxmi/m/it/12 f[]\LMS/ntxsy/m/n/12 π\OML/ntxmi/m/it/12 x\LMS/ntxsy/m/n/12 ∫\OML/ntxmi/m/it/12 ;$
 []


Overfull \hbox (1.71704pt too wide) in paragraph at lines 137--139
\C70/rm/m/n/12/5b ˘ \C70/rm/m/n/12/4e é X \C70/rm/m/n/12/96 d \C70/rm/m/n/12/6c ’ \C70/rm/m/n/12/54 b|\C70/rm/m/n/12/ff ^^_| \C70/rm/m/n/12/8b ˚ \C70/rm/m/n/12/80 ^^E \C70/rm/m/n/12/76 Ñ \C70/rm/m/n/12/60 ^^] \C70/rm/m/n/12/7e Ù \C70/rm/m/n/12/80 ˝ \C70/rm/m/n/12/52 õ \C70/rm/m/n/12/5f à :|\C70/rm/m/n/12/ff ^^L| \C70/rm/m/n/12/65 E \C70/rm/m/n/12/8f Ÿ \C70/rm/m/n/12/91 Ã \C70/rm/m/n/12/75 Y \C70/rm/m/n/12/7e Ÿ \C70/rm/m/n/12/8b ˚ \C70/rm/m/n/12/80 ^^E \C70/rm/m/n/12/60 Û \C70/rm/m/n/12/8c a \C70/rm/m/n/12/4e „ \C70/rm/m/n/12/63 b \C70/rm/m/n/12/8f « \C70/rm/m/n/12/7a |\C70/rm/m/n/12/30 ^^B| $\OML/ntxmi/m/it/12 Z[] \U/ntxmia/m/it/12 =
 []



[4]
LaTeX Font Info:    Font shape `OT1/minntx/b/n' will be
(Font)              scaled to size 12.0pt on input line 151.
LaTeX Font Info:    Font shape `OT1/minntx/b/n' will be
(Font)              scaled to size 8.8pt on input line 151.
LaTeX Font Info:    Font shape `OT1/minntx/b/n' will be
(Font)              scaled to size 6.6pt on input line 151.
LaTeX Font Info:    Font shape `OML/ntxmi/b/it' will be
(Font)              scaled to size 12.0pt on input line 151.
LaTeX Font Info:    Font shape `OML/ntxmi/b/it' will be
(Font)              scaled to size 8.8pt on input line 151.
LaTeX Font Info:    Font shape `OML/ntxmi/b/it' will be
(Font)              scaled to size 6.6pt on input line 151.
LaTeX Font Info:    Font shape `LMS/ntxsy/b/n' will be
(Font)              scaled to size 12.0pt on input line 151.
LaTeX Font Info:    Font shape `LMS/ntxsy/b/n' will be
(Font)              scaled to size 8.8pt on input line 151.
LaTeX Font Info:    Font shape `LMS/ntxsy/b/n' will be
(Font)              scaled to size 6.6pt on input line 151.
LaTeX Font Info:    Font shape `LMX/ntxexx/b/n' will be
(Font)              scaled to size 12.0pt on input line 151.
LaTeX Font Info:    Font shape `LMX/ntxexx/b/n' will be
(Font)              scaled to size 8.8pt on input line 151.
LaTeX Font Info:    Font shape `LMX/ntxexx/b/n' will be
(Font)              scaled to size 6.6pt on input line 151.
LaTeX Font Info:    Font shape `U/ntxmia/b/it' will be
(Font)              scaled to size 12.0pt on input line 151.
LaTeX Font Info:    Font shape `U/ntxmia/b/it' will be
(Font)              scaled to size 8.8pt on input line 151.
LaTeX Font Info:    Font shape `U/ntxmia/b/it' will be
(Font)              scaled to size 6.6pt on input line 151.
LaTeX Font Info:    Font shape `U/ntxsym/b/n' will be
(Font)              scaled to size 12.0pt on input line 151.
LaTeX Font Info:    Font shape `U/ntxsym/b/n' will be
(Font)              scaled to size 8.8pt on input line 151.
LaTeX Font Info:    Font shape `U/ntxsym/b/n' will be
(Font)              scaled to size 6.6pt on input line 151.
LaTeX Font Info:    Font shape `U/ntxsyc/b/n' will be
(Font)              scaled to size 12.0pt on input line 151.
LaTeX Font Info:    Font shape `U/ntxsyc/b/n' will be
(Font)              scaled to size 8.8pt on input line 151.
LaTeX Font Info:    Font shape `U/ntxsyc/b/n' will be
(Font)              scaled to size 6.6pt on input line 151.
LaTeX Font Info:    Font shape `U/ntxexa/b/n' will be
(Font)              scaled to size 12.0pt on input line 151.
LaTeX Font Info:    Font shape `U/ntxexa/b/n' will be
(Font)              scaled to size 8.8pt on input line 151.
LaTeX Font Info:    Font shape `U/ntxexa/b/n' will be
(Font)              scaled to size 6.6pt on input line 151.


[5]
Overfull \hbox (15.15578pt too wide) in paragraph at lines 182--184
\C70/rm/m/n/12/53 ÷ \C70/rm/m/n/12/51 ≥ \C70/rm/m/n/12/4e é \C70/rm/m/n/12/5b É \C70/rm/m/n/12/76 Ñ \C70/rm/m/n/12/72 y \C70/rm/m/n/12/5f Å \C70/rm/m/n/12/50 < \C70/rm/m/n/12/54 å \C70/rm/m/n/12/72 y \C70/rm/m/n/12/5f Å \C70/rm/m/n/12/54 ^^Q \C70/rm/m/n/12/91 œ \C70/rm/m/n/12/76 Ñ \C70/rm/m/n/12/60 ' \C70/rm/m/n/12/8d (|\C70/rm/m/n/12/30 ^^B| \C70/rm/m/n/12/51 w \C70/rm/m/n/12/4f S \C70/rm/m/n/12/67 e \C70/rm/m/n/12/8b Ù|\C70/rm/m/n/12/ff ^^L| \C70/rm/m/n/12/59 Ç \C70/rm/m/n/12/67 ú \C70/rm/m/n/12/4e ^^@ *$\OML/ntxmi/m/it/12 n \LMS/ntxsy/m/n/12 ^^B \OML/ntxmi/m/it/12 n$\C70/rm/m/n/12/76 Ñ \C70/rm/m/n/12/77 È \C70/rm/m/n/12/96 5$[]$\C70/rm/m/n/12/67 	$\OML/ntxmi/m/it/12 n$\C70/rm/m/n/12/4e *
 []



[6]

[7]

[8]

[9]

[10]

[11]

[12]

[13]
LaTeX Font Info:    Font shape `OT1/ntxtlf/m/n' will be
(Font)              scaled to size 8.8pt on input line 441.
LaTeX Font Info:    Font shape `OT1/ntxtlf/m/n' will be
(Font)              scaled to size 6.6pt on input line 441.


[14]
Overfull \hbox (5.27858pt too wide) in paragraph at lines 444--446
\C70/rm/m/n/12/4e Â \C70/rm/m/n/12/90 	 \C70/rm/m/n/12/62 È \C70/rm/m/n/12/65 > \C70/rm/m/n/12/62 ^^V \C70/rm/m/n/12/4e ^^M \C70/rm/m/n/12/65 > \C70/rm/m/n/12/7b ,$\OML/ntxmi/m/it/12 i$\C70/rm/m/n/12/4e ˆ \C70/rm/m/n/12/72 i \C70/rm/m/n/12/54 ¡ \C70/rm/m/n/12/76 Ñ \C70/rm/m/n/12/60 ≈ \C70/rm/m/n/12/5f b|\C70/rm/m/n/12/ff ^^L| \C70/rm/m/n/12/6c Ë \C70/rm/m/n/12/61 ^^O \C70/rm/m/n/12/7b , \C70/rm/m/n/12/4e å \C70/rm/m/n/12/79 Õ \C70/rm/m/n/12/60 ≈ \C70/rm/m/n/12/51 µ \C70/rm/m/n/12/4e - \C70/rm/m/n/12/89 Å \C70/rm/m/n/12/80 ^^C \C70/rm/m/n/12/86 Q \C70/rm/m/n/12/57 ( \C70/rm/m/n/12/65 > \C70/rm/m/n/12/7b ,$\OML/ntxmi/m/it/12 i$\C70/rm/m/n/12/4e ˆ
 []


Overfull \hbox (2.98248pt too wide) in paragraph at lines 461--462
[]| \C70/rm/m/n/12/90 	 \C70/rm/m/n/12/62 È \C70/rm/m/n/12/4e ^^@ * \C70/rm/m/n/12/67 * \C70/rm/m/n/12/78 n \C70/rm/m/n/12/5b ö \C70/rm/m/n/12/67 ^^@ \C70/rm/m/n/12/5c ^^O \C70/rm/m/n/12/50 < \C70/rm/m/n/12/76 Ñ \C70/rm/m/n/12/82 Ç \C70/rm/m/n/12/70 π$\OML/ntxmi/m/it/12 u$|\C70/rm/m/n/12/ff ^^L| \C70/rm/m/n/12/4f ^^? \C70/rm/m/n/12/5f ó$[]\LMS/ntxsy/m/n/12 ª\OML/ntxmi/m/it/12 u\LMS/ntxsy/m/n/12 º$\C70/rm/m/n/12/67 ^^@ \C70/rm/m/n/12/5c ^^O|\C70/rm/m/n/12/30 ^^B| \C70/rm/m/n/12/5c ^^F$\OML/ntxmi/m/it/12 u$\C70/rm/m/n/12/52 † \C70/rm/m/n/12/51 e \C70/rm/m/n/12/96 ∆ \C70/rm/m/n/12/54 ^^H$\OML/ntxmi/m/it/12 S$|\C70/rm/m/n/12/ff ^^L|
 []



[15]
Overfull \hbox (14.21553pt too wide) in paragraph at lines 470--471
[]\C70/rm/m/n/12/52 ^^] \C70/rm/m/n/12/59 À \C70/rm/m/n/12/53 ^^V|\C70/rm/m/n/12/ff ^^Z| \C70/rm/m/n/12/8b æ$[]\LMS/ntxsy/m/n/12 ª\OML/ntxmi/m/it/12 i\LMS/ntxsy/m/n/12 ºª\OML/ntxmi/m/it/12 j\LMS/ntxsy/m/n/12 º$\C70/rm/m/n/12/4e : \C70/rm/m/n/12/82 Ç \C70/rm/m/n/12/70 π$\OML/ntxmi/m/it/12 i$\C70/rm/m/n/12/52 0 \C70/rm/m/n/12/82 Ç \C70/rm/m/n/12/70 π$\OML/ntxmi/m/it/12 j$\C70/rm/m/n/12/76 Ñ \C70/rm/m/n/12/67 ^^@ \C70/rm/m/n/12/77 Ì \C70/rm/m/n/12/8d Ô \C70/rm/m/n/12/5f Ñ \C70/rm/m/n/12/95 ^^? \C70/rm/m/n/12/5e ¶|\C70/rm/m/n/12/ff ^^L| \C70/rm/m/n/12/52 ^^] \C70/rm/m/n/12/59 À \C70/rm/m/n/12/65 ˆ$[]\LMS/ntxsy/m/n/12 ª\OML/ntxmi/m/it/12 i\LMS/ntxsy/m/n/12 ºª\OML/ntxmi/m/it/12 j\LMS/ntxsy/m/n/12 º \U/ntxmia/m/it/12 =
 []



[16]

[17]
Overfull \hbox (3.08356pt too wide) in paragraph at lines 526--527
[]\OT1/ntxtlf/m/n/12 Note: \C70/rm/m/n/12/7e œ \C70/rm/m/n/12/52 ^^F \C70/rm/m/n/12/67 ê|\C70/rm/m/n/12/ff ^^L| \C70/rm/m/n/12/5b ˘ \C70/rm/m/n/12/4e é$\OT1/ntxtlf/m/n/12 1\OML/ntxmi/m/it/12 ;  \OT1/ntxtlf/m/n/12 2\OML/ntxmi/m/it/12 ;  \OT1/ntxtlf/m/n/12 3\OML/ntxmi/m/it/12 ;  \OT1/ntxtlf/m/n/12 4$\C70/rm/m/n/12/96 6 \C70/rm/m/n/12/50 O \C70/rm/m/n/12/5b ¸ \C70/rm/m/n/12/65 p \C70/rm/m/n/12/76 Ñ \C70/rm/m/n/12/60 ≈ \C70/rm/m/n/12/5f b|\C70/rm/m/n/12/ff ^^L| \OT1/ntxtlf/m/n/12 Runge-Kutta\C70/rm/m/n/12/65 π \C70/rm/m/n/12/6c ’ \C70/rm/m/n/12/4e - \C70/rm/m/n/12/76 Ñ$\OML/ntxmi/m/it/12 k$\C70/rm/m/n/12/50 <
 []



[18]

[19]

[20]

[21]
Overfull \hbox (2.2304pt too wide) in paragraph at lines 635--636
\C70/rm/m/n/12/4e * ^^M \C70/rm/m/n/12/7a 3 \C70/rm/m/n/12/5b ö \C70/rm/m/n/12/76 Ñ \C70/rm/m/n/12/5e s \C70/rm/m/n/12/88 a \C70/rm/m/n/12/70 π|\C70/rm/m/n/12/ff ^^L| \C70/rm/m/n/12/4e ^^T Œ \C70/rm/m/n/12/51 v Ö \C70/rm/m/n/12/90 Ë \C70/rm/m/n/12/51 ˙ \C70/rm/m/n/12/53 — \C70/rm/m/n/12/76 Ñ |\C70/rm/m/n/12/20 ^^\|\C70/rm/m/n/12/8f h ˘|\C70/rm/m/n/12/20 ^^]| \C70/rm/m/n/12/59 À \C70/rm/m/n/12/7e » \C70/rm/m/n/12/57 ($\OML/ntxmi/m/it/12 D$\C70/rm/m/n/12/51 Ö|\C70/rm/m/n/12/ff ^^L| \C70/rm/m/n/12/90 £ \C70/rm/m/n/12/4e H$\OML/ntxmi/m/it/12 D$\C70/rm/m/n/12/51 Ö
 []


Overfull \hbox (18.64377pt too wide) in paragraph at lines 645--646
[]\C70/rm/m/n/12/62 ^^Q \C70/rm/m/n/12/4e Ï ^^M \C70/rm/m/n/12/52 † \C70/rm/m/n/12/4e À \C70/rm/m/n/12/7e Õ \C70/rm/m/n/12/54 å \C70/rm/m/n/12/8b ¡ \C70/rm/m/n/12/66 ^^N \C70/rm/m/n/12/57 0 \C70/rm/m/n/12/7e Ÿ \C70/rm/m/n/12/51 ˙\OT1/ntxtlf/m/n/12 Laplace\C70/rm/m/n/12/53 ÿ \C70/rm/m/n/12/63 b \C70/rm/m/n/12/76 Ñ \C70/rm/m/n/12/5b ö \C70/rm/m/n/12/4e I|\C70/rm/m/n/12/30 ^^B| \C70/rm/m/n/12/8b æ$\OML/ntxmi/m/it/12 f\LMS/ntxsy/m/n/12 π\OML/ntxmi/m/it/12 t\LMS/ntxsy/m/n/12 ∫$\C70/rm/m/n/12/4e : \C70/rm/m/n/12/5b ö \C70/rm/m/n/12/4e I \C70/rm/m/n/12/57 ($\LMS/ntxsy/m/n/12 ª\OT1/ntxtlf/m/n/12 0\OML/ntxmi/m/it/12 ; \LMS/ntxsy/m/n/12 œ1∫$\C70/rm/m/n/12/4e 

 []



[22]
Overfull \hbox (8.7337pt too wide) in paragraph at lines 683--685
\C70/rm/m/n/12/67 ^^@ \C70/rm/m/n/12/54 ^^N \C70/rm/m/n/12/90 ^^Z \C70/rm/m/n/12/8f «\OT1/ntxtlf/m/n/12 Laplace\C70/rm/m/n/12/90 ^^F \C70/rm/m/n/12/53 ÿ \C70/rm/m/n/12/63 b |\C70/rm/m/n/12/ff ^^H|\C70/rm/m/n/12/5b û \C70/rm/m/n/12/96 E \C70/rm/m/n/12/4e 
 \C70/rm/m/n/12/66 / \C70/rm/m/n/12/67 Â \C70/rm/m/n/12/88 h|\C70/rm/m/n/12/ff 	| \C70/rm/m/n/12/5f ó \C70/rm/m/n/12/52 0 \C70/rm/m/n/12/89 „$\OML/ntxmi/m/it/12 x\LMS/ntxsy/m/n/12 π\OML/ntxmi/m/it/12 t\LMS/ntxsy/m/n/12 ∫ \U/ntxmia/m/it/12 = [] []\LMS/ntxsy/m/n/12 π\OML/ntxmi/m/it/12 !t\LMS/ntxsy/m/n/12 ∫ œ \OML/ntxmi/m/it/12 x[] []\LMS/ntxsy/m/n/12 π\OML/ntxmi/m/it/12 !t\LMS/ntxsy/m/n/12 ∫$|\C70/rm/m/n/12/30 ^^B|
 []


Underfull \hbox (badness 10000) in paragraph at lines 683--685

 []



[23]

[24]

[25]

[26]
Overfull \hbox (4.30783pt too wide) in paragraph at lines 792--793
[]\C70/rm/m/n/12/52 õ \C70/rm/m/n/12/5b f \C70/rm/m/n/12/90 ¢ \C70/rm/m/n/12/5f ◊ ‡ \C70/rm/m/n/12/80 ^^A \C70/rm/m/n/12/5e ^^H \C70/rm/m/n/12/57 ( \C70/rm/m/n/12/7b , \C70/rm/m/n/12/4e ^^@ \C70/rm/m/n/12/82 Ç \C70/rm/m/n/12/8b ˛ \C70/rm/m/n/12/5c 1 \C70/rm/m/n/12/8b Ù|\C70/rm/m/n/12/ff ^^L| \C70/rm/m/n/12/5e ^^L \C70/rm/m/n/12/67 ^^[ \C70/rm/m/n/12/62 ^^Q \C70/rm/m/n/12/4e Ï \C70/rm/m/n/12/57 ( \C70/rm/m/n/12/59 ' \C70/rm/m/n/12/5b f \C70/rm/m/n/12/80 ˝ \C70/rm/m/n/12/67 	 \C70/rm/m/n/12/4e ^^@ * |\C70/rm/m/n/12/20 ^^\|\OT1/ntxtlf/m/n/12 Inflation|\C70/rm/m/n/12/20 ^^]|
 []

LaTeX Font Info:    Font shape `OT1/ntxtlf/m/it' will be
(Font)              scaled to size 12.0pt on input line 803.


[27]

[28] (./Êï∞Â≠¶Âü∫Á°Ä.aux)
 ***********
LaTeX2e <2024-11-01> patch level 2
L3 programming layer <2022/07/14>
 ***********
 ) 
Here is how much of TeX's memory you used:
 13068 strings out of 473190
 207295 string characters out of 5719979
 584921 words of memory out of 5000000
 35734 multiletter control sequences out of 15000+600000
 674996 words of font info for 370 fonts, out of 8000000 for 9000
 1141 hyphenation exceptions out of 8191
 80i,12n,93p,939b,348s stack positions out of 10000i,1000n,20000p,200000b,200000s
<c:/Windows/Fonts/simsun.ttc><c:/Windows/Fonts/simsun.ttc><c:/Windows/Fonts/simhei.ttf><c:/Windows/Fonts/simhei.ttf><c:/Windows/Fonts/simhei.ttf><c:/Windows/Fonts/simsun.ttc><c:/Windows/Fonts/simsun.ttc><c:/Windows/Fonts/simsun.ttc><c:/Windows/Fonts/simhei.ttf><c:/Windows/Fonts/simhei.ttf><c:/Windows/Fonts/simhei.ttf><c:/Windows/Fonts/simhei.ttf><c:/Windows/Fonts/simhei.ttf><c:/Windows/Fonts/simhei.ttf><c:/Windows/Fonts/simhei.ttf><c:/Windows/Fonts/simhei.ttf><c:/Windows/Fonts/simsun.ttc><c:/Windows/Fonts/simhei.ttf><c:/Windows/Fonts/simhei.ttf><c:/Windows/Fonts/simhei.ttf><c:/Windows/Fonts/simhei.ttf><c:/Windows/Fonts/simhei.ttf><c:/Windows/Fonts/simhei.ttf><c:/Windows/Fonts/simsun.ttc><c:/Windows/Fonts/simsun.ttc><c:/Windows/Fonts/simhei.ttf><c:/Windows/Fonts/simhei.ttf><c:/Windows/Fonts/simsun.ttc><c:/Windows/Fonts/simhei.ttf><c:/Windows/Fonts/simsun.ttc><c:/Windows/Fonts/simhei.ttf><c:/Windows/Fonts/simhei.ttf><c:/Windows/Fonts/simsun.ttc><c:/Windows/Fonts/simhei.ttf><c:/Windows/Fonts/simsun.ttc><c:/Windows/Fonts/simhei.ttf><c:/Windows/Fonts/simsun.ttc><c:/Windows/Fonts/simsun.ttc><c:/Windows/Fonts/simsun.ttc><c:/Windows/Fonts/simsun.ttc><c:/Windows/Fonts/simsun.ttc><c:/Windows/Fonts/simsun.ttc><c:/Windows/Fonts/simhei.ttf><c:/Windows/Fonts/simhei.ttf><c:/Windows/Fonts/simhei.ttf><c:/Windows/Fonts/simhei.ttf><c:/Windows/Fonts/simhei.ttf><c:/Windows/Fonts/simhei.ttf><c:/Windows/Fonts/simhei.ttf><c:/Windows/Fonts/simhei.ttf><c:/Windows/Fonts/simsun.ttc><c:/Windows/Fonts/simhei.ttf><c:/Windows/Fonts/simsun.ttc><c:/Windows/Fonts/simsun.ttc><c:/Windows/Fonts/simhei.ttf><c:/Windows/Fonts/simhei.ttf><c:/Windows/Fonts/simhei.ttf><c:/Windows/Fonts/simsun.ttc><c:/Windows/Fonts/simsun.ttc><c:/Windows/Fonts/simsun.ttc><c:/Windows/Fonts/simsun.ttc><c:/Windows/Fonts/simhei.ttf><c:/Windows/Fonts/simhei.ttf><c:/Windows/Fonts/simhei.ttf><c:/Windows/Fonts/simsun.ttc><c:/Windows/Fonts/simhei.ttf><c:/Windows/Fonts/simhei.ttf><c:/Windows/Fonts/simhei.ttf><c:/Windows/Fonts/simsun.ttc><c:/Windows/Fonts/simsun.ttc><c:/Windows/Fonts/simsun.ttc><c:/Windows/Fonts/simhei.ttf><c:/Windows/Fonts/simhei.ttf><c:/Windows/Fonts/simhei.ttf><c:/Windows/Fonts/simhei.ttf><c:/Windows/Fonts/simhei.ttf><c:/Windows/Fonts/simhei.ttf><c:/Windows/Fonts/simsun.ttc><c:/Windows/Fonts/simsun.ttc><c:/Windows/Fonts/simsun.ttc><c:/Windows/Fonts/simsun.ttc><c:/Windows/Fonts/simsun.ttc><c:/Windows/Fonts/simsun.ttc><c:/Windows/Fonts/simsun.ttc><c:/Windows/Fonts/simsun.ttc><c:/Windows/Fonts/simsun.ttc><c:/Windows/Fonts/simsun.ttc><c:/Windows/Fonts/simsun.ttc><c:/Windows/Fonts/simsun.ttc><c:/Windows/Fonts/simsun.ttc><c:/Windows/Fonts/simsun.ttc><c:/Windows/Fonts/simsun.ttc><c:/Windows/Fonts/simsun.ttc><c:/Windows/Fonts/simsun.ttc><c:/Windows/Fonts/simsun.ttc><c:/Windows/Fonts/simsun.ttc><c:/Windows/Fonts/simsun.ttc><c:/Windows/Fonts/simsun.ttc><c:/Windows/Fonts/simsun.ttc><c:/Windows/Fonts/simsun.ttc><c:/Windows/Fonts/simsun.ttc><c:/Windows/Fonts/simsun.ttc><c:/Windows/Fonts/simsun.ttc><c:/Windows/Fonts/simsun.ttc><c:/Windows/Fonts/simsun.ttc><c:/Windows/Fonts/simsun.ttc><c:/Windows/Fonts/simsun.ttc><c:/Windows/Fonts/simsun.ttc><c:/Windows/Fonts/simsun.ttc><c:/Windows/Fonts/simsun.ttc><c:/Windows/Fonts/simsun.ttc><c:/Windows/Fonts/simsun.ttc><c:/Windows/Fonts/simsun.ttc><c:/Windows/Fonts/simsun.ttc><c:/Windows/Fonts/simsun.ttc><c:/Windows/Fonts/simsun.ttc><c:/Windows/Fonts/simsun.ttc><c:/Windows/Fonts/simsun.ttc><c:/Windows/Fonts/simhei.ttf><c:/Windows/Fonts/simhei.ttf><c:/Windows/Fonts/simhei.ttf><c:/Windows/Fonts/simhei.ttf><c:/Windows/Fonts/simhei.ttf><c:/Windows/Fonts/simhei.ttf><c:/Windows/Fonts/simhei.ttf><c:/Windows/Fonts/simhei.ttf><c:/Windows/Fonts/simsun.ttc><c:/Windows/Fonts/simsun.ttc><c:/Windows/Fonts/simsun.ttc><c:/Windows/Fonts/simsun.ttc><c:/Windows/Fonts/simsun.ttc><c:/Windows/Fonts/simsun.ttc><d:/texlive/2025/texmf-dist/fonts/type1/public/newtx/NewTXBMI.pfb><d:/texlive/2025/texmf-dist/fonts/type1/public/newtx/NewTXMI.pfb><d:/texlive/2025/texmf-dist/fonts/type1/public/newtx/NewTXMI7.pfb><d:/texlive/2025/texmf-dist/fonts/type1/public/tex-gyre/qtmr.pfb><d:/texlive/2025/texmf-dist/fonts/type1/public/newtx/txexs.pfb><d:/texlive/2025/texmf-dist/fonts/type1/public/newtx/txmiaX.pfb><d:/texlive/2025/texmf-dist/fonts/type1/public/newtx/txsym.pfb><d:/texlive/2025/texmf-dist/fonts/type1/public/newtx/txsys.pfb><d:/texlive/2025/texmf-dist/fonts/type1/public/newtx/ztmb.pfb><d:/texlive/2025/texmf-dist/fonts/type1/public/newtx/ztmr.pfb><d:/texlive/2025/texmf-dist/fonts/type1/public/newtx/ztmri.pfb>
Output written on Êï∞Â≠¶Âü∫Á°Ä.pdf (28 pages, 833233 bytes).
PDF statistics:
 759 PDF objects out of 1000 (max. 8388607)
 494 compressed objects within 5 object streams
 0 named destinations out of 1000 (max. 500000)
 305 words of extra memory for PDF output out of 10000 (max. 10000000)

